// Jest Snapshot v1, https://goo.gl/fbAQLP

exports[`BookCollection should match snapshot 1`] = `
<div
  className="container mt-5"
>
  <div
    className="row rol-cols-xs-1 row-cols-sm-2 row-cols-md-2 row-cols-lg-3 row-cols-xl-4 gy-4 justify-content-center align-items-center"
    data-testid="bookCollection"
  />
</div>
`;
